[[1;34mINFO[m] Scanning for projects...
[[1;34mINFO[m] 
[[1;34mINFO[m] [1m----------------------< [0;36mcom.examly:SpringBootEmp[0;1m >----------------------[m
[[1;34mINFO[m] [1mBuilding SpringBootEmp 0.0.1-SNAPSHOT[m
[[1;34mINFO[m] [1m--------------------------------[ jar ]---------------------------------[m
[[1;34mINFO[m] 
[[1;34mINFO[m] [1m>>> [0;32mspring-boot-maven-plugin:2.7.0:run[m [1m(default-cli)[0;1m > [0;1mtest-compile[m @ [36mSpringBootEmp[0;1m >>>[m
[[1;34mINFO[m] 
[[1;34mINFO[m] [1m--- [0;32mmaven-resources-plugin:3.2.0:resources[m [1m(default-resources)[m @ [36mSpringBootEmp[0;1m ---[m
[[1;34mINFO[m] Using 'UTF-8' encoding to copy filtered resources.
[[1;34mINFO[m] Using 'UTF-8' encoding to copy filtered properties files.
[[1;34mINFO[m] Copying 1 resource
[[1;34mINFO[m] Copying 0 resource
[[1;34mINFO[m] 
[[1;34mINFO[m] [1m--- [0;32mmaven-compiler-plugin:3.10.1:compile[m [1m(default-compile)[m @ [36mSpringBootEmp[0;1m ---[m
[[1;34mINFO[m] Nothing to compile - all classes are up to date
[[1;34mINFO[m] 
[[1;34mINFO[m] [1m--- [0;32mmaven-resources-plugin:3.2.0:testResources[m [1m(default-testResources)[m @ [36mSpringBootEmp[0;1m ---[m
[[1;34mINFO[m] Using 'UTF-8' encoding to copy filtered resources.
[[1;34mINFO[m] Using 'UTF-8' encoding to copy filtered properties files.
[[1;34mINFO[m] skip non existing resourceDirectory /home/coder/project/workspace/springapp/src/test/resources
[[1;34mINFO[m] 
[[1;34mINFO[m] [1m--- [0;32mmaven-compiler-plugin:3.10.1:testCompile[m [1m(default-testCompile)[m @ [36mSpringBootEmp[0;1m ---[m
[[1;34mINFO[m] Nothing to compile - all classes are up to date
[[1;34mINFO[m] 
[[1;34mINFO[m] [1m<<< [0;32mspring-boot-maven-plugin:2.7.0:run[m [1m(default-cli)[0;1m < [0;1mtest-compile[m @ [36mSpringBootEmp[0;1m <<<[m
[[1;34mINFO[m] 
[[1;34mINFO[m] 
[[1;34mINFO[m] [1m--- [0;32mspring-boot-maven-plugin:2.7.0:run[m [1m(default-cli)[m @ [36mSpringBootEmp[0;1m ---[m
[[1;34mINFO[m] Attaching agents: []

  .   ____          _            __ _ _
 /\\ / ___'_ __ _ _(_)_ __  __ _ \ \ \ \
( ( )\___ | '_ | '_| | '_ \/ _` | \ \ \ \
 \\/  ___)| |_)| | | | | || (_| |  ) ) ) )
  '  |____| .__|_| |_|_| |_\__, | / / / /
 =========|_|==============|___/=/_/_/_/
 :: Spring Boot ::                (v2.7.0)

2025-09-14 06:30:03.783  INFO 31141 --- [           main] c.examly.springapp.SpringappApplication  : Starting SpringappApplication using Java 17.0.15 on abdbfcffcfeabaeccbbcaaabbfbddbddbbbbfcee-0 with PID 31141 (/home/coder/project/workspace/springapp/target/classes started by coder in /home/coder/project/workspace/springapp)
2025-09-14 06:30:03.785  INFO 31141 --- [           main] c.examly.springapp.SpringappApplication  : No active profile set, falling back to 1 default profile: "default"
2025-09-14 06:30:04.299  INFO 31141 --- [           main] .s.d.r.c.RepositoryConfigurationDelegate : Bootstrapping Spring Data JPA repositories in DEFAULT mode.
2025-09-14 06:30:04.330  INFO 31141 --- [           main] .s.d.r.c.RepositoryConfigurationDelegate : Finished Spring Data repository scanning in 25 ms. Found 2 JPA repository interfaces.
2025-09-14 06:30:04.711  INFO 31141 --- [           main] o.s.b.w.embedded.tomcat.TomcatWebServer  : Tomcat initialized with port(s): 8080 (http)
2025-09-14 06:30:04.719  INFO 31141 --- [           main] o.apache.catalina.core.StandardService   : Starting service [Tomcat]
2025-09-14 06:30:04.719  INFO 31141 --- [           main] org.apache.catalina.core.StandardEngine  : Starting Servlet engine: [Apache Tomcat/9.0.63]
2025-09-14 06:30:04.780  INFO 31141 --- [           main] o.a.c.c.C.[Tomcat].[localhost].[/]       : Initializing Spring embedded WebApplicationContext
2025-09-14 06:30:04.780  INFO 31141 --- [           main] w.s.c.ServletWebServerApplicationContext : Root WebApplicationContext: initialization completed in 953 ms
2025-09-14 06:30:04.800  INFO 31141 --- [           main] com.zaxxer.hikari.HikariDataSource       : HikariPool-1 - Starting...
2025-09-14 06:30:04.943  INFO 31141 --- [           main] com.zaxxer.hikari.HikariDataSource       : HikariPool-1 - Start completed.
2025-09-14 06:30:04.951  INFO 31141 --- [           main] o.s.b.a.h2.H2ConsoleAutoConfiguration    : H2 console available at '/h2-console'. Database available at 'jdbc:h2:mem:testdb'
2025-09-14 06:30:05.042  INFO 31141 --- [           main] o.hibernate.jpa.internal.util.LogHelper  : HHH000204: Processing PersistenceUnitInfo [name: default]
2025-09-14 06:30:05.069  INFO 31141 --- [           main] org.hibernate.Version                    : HHH000412: Hibernate ORM core version 5.6.9.Final
2025-09-14 06:30:05.159  INFO 31141 --- [           main] o.hibernate.annotations.common.Version   : HCANN000001: Hibernate Commons Annotations {5.1.2.Final}
2025-09-14 06:30:05.226  INFO 31141 --- [           main] org.hibernate.dialect.Dialect            : HHH000400: Using dialect: org.hibernate.dialect.H2Dialect
Hibernate: drop table if exists book CASCADE 
Hibernate: drop table if exists review CASCADE 
Hibernate: create table book (id bigint generated by default as identity, author varchar(255), description varchar(255), genre varchar(255), title varchar(255), primary key (id))
Hibernate: create table review (id bigint generated by default as identity, book_id bigint, rating integer not null, review_text varchar(255), primary key (id))
2025-09-14 06:30:05.530  INFO 31141 --- [           main] o.h.e.t.j.p.i.JtaPlatformInitiator       : HHH000490: Using JtaPlatform implementation: [org.hibernate.engine.transaction.jta.platform.internal.NoJtaPlatform]
2025-09-14 06:30:05.535  INFO 31141 --- [           main] j.LocalContainerEntityManagerFactoryBean : Initialized JPA EntityManagerFactory for persistence unit 'default'
2025-09-14 06:30:05.560  WARN 31141 --- [           main] JpaBaseConfiguration$JpaWebConfiguration : spring.jpa.open-in-view is enabled by default. Therefore, database queries may be performed during view rendering. Explicitly configure spring.jpa.open-in-view to disable this warning
2025-09-14 06:30:05.999  WARN 31141 --- [           main] .s.s.UserDetailsServiceAutoConfiguration : 

Using generated security password: 8e9f1a91-f3df-42ed-bcdd-456e1e60aff2

This generated password is for development use only. Your security configuration must be updated before running your application in production.

2025-09-14 06:30:06.069  INFO 31141 --- [           main] o.s.s.web.DefaultSecurityFilterChain     : Will secure any request with [org.springframework.security.web.session.DisableEncodeUrlFilter@109188b4, org.springframework.security.web.context.request.async.WebAsyncManagerIntegrationFilter@7091a016, org.springframework.security.web.context.SecurityContextPersistenceFilter@71806c64, org.springframework.security.web.header.HeaderWriterFilter@1fc386f8, org.springframework.web.filter.CorsFilter@14580edc, org.springframework.security.web.authentication.logout.LogoutFilter@3a7d6976, org.springframework.security.web.savedrequest.RequestCacheAwareFilter@69988d42, org.springframework.security.web.servletapi.SecurityContextHolderAwareRequestFilter@52a3eef8, org.springframework.security.web.authentication.AnonymousAuthenticationFilter@3f2a7ca0, org.springframework.security.web.session.SessionManagementFilter@b9c9bf5, org.springframework.security.web.access.ExceptionTranslationFilter@380e3122, org.springframework.security.web.access.intercept.FilterSecurityInterceptor@7bbe852a]
2025-09-14 06:30:06.245  INFO 31141 --- [           main] o.s.b.w.embedded.tomcat.TomcatWebServer  : Tomcat started on port(s): 8080 (http) with context path ''
2025-09-14 06:30:06.388  INFO 31141 --- [           main] c.examly.springapp.SpringappApplication  : Started SpringappApplication in 2.832 seconds (JVM running for 3.037)
